// Jest Snapshot v1, https://goo.gl/fbAQLP

exports[`Robot Component renders correctly 1`] = `
<div>
  <div>
    <h1>
      Robot Movement
    </h1>
    <div
      class="robot-grid-container"
    >
      <p>
        Current Position: (
        1
        , 
        1
        )
      </p>
      <div>
        <div
          class="row"
        >
          <div
            class="cell "
            data-testid="cell-1-5"
          />
          <div
            class="cell "
            data-testid="cell-2-5"
          />
          <div
            class="cell "
            data-testid="cell-3-5"
          />
          <div
            class="cell "
            data-testid="cell-4-5"
          />
          <div
            class="cell "
            data-testid="cell-5-5"
          />
        </div>
        <div
          class="row"
        >
          <div
            class="cell "
            data-testid="cell-1-4"
          />
          <div
            class="cell "
            data-testid="cell-2-4"
          />
          <div
            class="cell "
            data-testid="cell-3-4"
          />
          <div
            class="cell "
            data-testid="cell-4-4"
          />
          <div
            class="cell "
            data-testid="cell-5-4"
          />
        </div>
        <div
          class="row"
        >
          <div
            class="cell "
            data-testid="cell-1-3"
          />
          <div
            class="cell "
            data-testid="cell-2-3"
          />
          <div
            class="cell "
            data-testid="cell-3-3"
          />
          <div
            class="cell "
            data-testid="cell-4-3"
          />
          <div
            class="cell "
            data-testid="cell-5-3"
          />
        </div>
        <div
          class="row"
        >
          <div
            class="cell "
            data-testid="cell-1-2"
          />
          <div
            class="cell "
            data-testid="cell-2-2"
          />
          <div
            class="cell "
            data-testid="cell-3-2"
          />
          <div
            class="cell "
            data-testid="cell-4-2"
          />
          <div
            class="cell "
            data-testid="cell-5-2"
          />
        </div>
        <div
          class="row"
        >
          <div
            class="cell robot"
            data-testid="cell-1-1"
          >
            X
          </div>
          <div
            class="cell "
            data-testid="cell-2-1"
          />
          <div
            class="cell "
            data-testid="cell-3-1"
          />
          <div
            class="cell "
            data-testid="cell-4-1"
          />
          <div
            class="cell "
            data-testid="cell-5-1"
          />
        </div>
      </div>
      <div
        class="controls"
      >
        <div
          class="button-row"
        >
          <button
            class="arrow-button-up"
            data-testid="arrow-button-up"
          >
            <div
              class="arrow-up"
              data-testid="arrow-up"
            >
              <svg
                aria-hidden="true"
                class="svg-inline--fa fa-arrow-up "
                data-icon="arrow-up"
                data-prefix="fas"
                focusable="false"
                role="img"
                viewBox="0 0 384 512"
                xmlns="http://www.w3.org/2000/svg"
              >
                <path
                  d="M214.6 41.4c-12.5-12.5-32.8-12.5-45.3 0l-160 160c-12.5 12.5-12.5 32.8 0 45.3s32.8 12.5 45.3 0L160 141.2V448c0 17.7 14.3 32 32 32s32-14.3 32-32V141.2L329.4 246.6c12.5 12.5 32.8 12.5 45.3 0s12.5-32.8 0-45.3l-160-160z"
                  fill="currentColor"
                />
              </svg>
            </div>
          </button>
        </div>
        <div
          class="button-row"
        >
          <button
            class="arrow-button-left"
            data-testid="arrow-button-left"
          >
            <div
              class="arrow-left"
              data-testid="arrow-left"
            >
              <svg
                aria-hidden="true"
                class="svg-inline--fa fa-arrow-left "
                data-icon="arrow-left"
                data-prefix="fas"
                focusable="false"
                role="img"
                viewBox="0 0 448 512"
                xmlns="http://www.w3.org/2000/svg"
              >
                <path
                  d="M9.4 233.4c-12.5 12.5-12.5 32.8 0 45.3l160 160c12.5 12.5 32.8 12.5 45.3 0s12.5-32.8 0-45.3L109.2 288 416 288c17.7 0 32-14.3 32-32s-14.3-32-32-32l-306.7 0L214.6 118.6c12.5-12.5 12.5-32.8 0-45.3s-32.8-12.5-45.3 0l-160 160z"
                  fill="currentColor"
                />
              </svg>
            </div>
          </button>
          <button
            class="arrow-button-right"
            data-testid="arrow-button-right"
          >
            <div
              class="arrow-right"
              data-testid="arrow-right"
            >
              <svg
                aria-hidden="true"
                class="svg-inline--fa fa-arrow-right "
                data-icon="arrow-right"
                data-prefix="fas"
                focusable="false"
                role="img"
                viewBox="0 0 448 512"
                xmlns="http://www.w3.org/2000/svg"
              >
                <path
                  d="M438.6 278.6c12.5-12.5 12.5-32.8 0-45.3l-160-160c-12.5-12.5-32.8-12.5-45.3 0s-12.5 32.8 0 45.3L338.8 224 32 224c-17.7 0-32 14.3-32 32s14.3 32 32 32l306.7 0L233.4 393.4c-12.5 12.5-12.5 32.8 0 45.3s32.8 12.5 45.3 0l160-160z"
                  fill="currentColor"
                />
              </svg>
            </div>
          </button>
        </div>
        <div
          class="button-row"
        >
          <button
            class="arrow-button-down"
            data-testid="arrow-button-down"
          >
            <div
              class="arrow-down"
              data-testid="arrow-down"
            >
              <svg
                aria-hidden="true"
                class="svg-inline--fa fa-arrow-down "
                data-icon="arrow-down"
                data-prefix="fas"
                focusable="false"
                role="img"
                viewBox="0 0 384 512"
                xmlns="http://www.w3.org/2000/svg"
              >
                <path
                  d="M169.4 470.6c12.5 12.5 32.8 12.5 45.3 0l160-160c12.5-12.5 12.5-32.8 0-45.3s-32.8-12.5-45.3 0L224 370.8 224 64c0-17.7-14.3-32-32-32s-32 14.3-32 32l0 306.7L54.6 265.4c-12.5-12.5-32.8-12.5-45.3 0s-12.5 32.8 0 45.3l160 160z"
                  fill="currentColor"
                />
              </svg>
            </div>
          </button>
        </div>
      </div>
    </div>
  </div>
</div>
`;
